Stats fetched: {
  "commits": 46,
  "prs": 0,
  "reviews": 0,
  "issues": 0,
  "repos": 3,
  "daily_activity": [
    0,
    0,
    0,
    0,
    0,
    6,
    7,
    4,
    0,
    0,
    0,
    12,
    6,
    5,
    0,
    0,
    0,
    0,
    0,
    0,
    0,
    0,
    0,
    0,
    0,
    0,
    2,
    0,
    3,
    4
  ],
  "productive_time": [
    0,
    36,
    64,
    0
  ],
  "languages": {
    "Python": 26579,
    "JavaScript": 210386
  }
}
Updated activity-graph-v2.svg successfully.
Updated diagnostics-v2.svg successfully.
Error updating stats: invalid group reference 10 at position 1
